
Exiting: src/file.reading.cc:354	Error: Can't find file [/nonexistent/../..]
