SNP	Z.imp
rs41297828	-1.0970995277031692
rs570570299	0.0034757065236227236
rs5763214	0.5498316407041726
rs192341766	0.21520811574770538
rs66715066	-0.7546519641626462
rs568553147	-0.9146111185067909
rs534916624	-0.6719641520339276
rs79504	-1.700385778263511
rs79505	-1.6985397152533102
